<html>
<body>
<pre>
<h1>µVision Build Log</h1>
<h2>Tool Versions:</h2>
IDE-Version: µVision V5.28.0.0
Copyright (C) 2019 ARM Ltd and ARM Germany GmbH. All rights reserved.
License Information: teddy park Wiznet Flex license: MDK Essential 5.28 (Flex) (mdk_essential) Support: Sep 2020
 
Tool Versions:
Toolchain:       MDK Essential 5.28 (Flex)  Version: 5.28.0.0
Toolchain Path:  C:\Keil_v5\ARM\ARMCC\Bin
C Compiler:      Armcc.exe V5.06 update 6 (build 750)
Assembler:       Armasm.exe V5.06 update 6 (build 750)
Linker/Locator:  ArmLink.exe V5.06 update 6 (build 750)
Library Manager: ArmAr.exe V5.06 update 6 (build 750)
Hex Converter:   FromElf.exe V5.06 update 6 (build 750)
CPU DLL:         SARMCM3.DLL V5.28.0.0
Dialog DLL:      DCM.DLL V1.17.3.0
Target DLL:      STLink\ST-LINKIII-KEIL_SWO.dll V3.0.6.0
Dialog DLL:      TCM.DLL V1.36.2.0
 
<h2>Project:</h2>
D:\wiznet\Workspace\WizFi360_Work\ST_Project\WizFi360_SPI_DMA_Test\MDK-ARM\WizFi360_SPI_DMA_Test.uvprojx
Project File Date:  02/26/2020

<h2>Output:</h2>
*** Using Compiler 'V5.06 update 6 (build 750)', folder: 'C:\Keil_v5\ARM\ARMCC\Bin'
Build target 'WizFi360_SPI_DMA_Test'
compiling main.c...
../Src/main.c(207): warning:  #167-D: argument of type "uint8_t *" is incompatible with parameter of type "const char *"
  		if(strncmp(temp_uart_buffer,"stts",4) == 0)
../Src/main.c(125): warning:  #177-D: variable "temp_data"  was declared but never referenced
    uint8_t temp_data[10] = {61, 62, 63, 64, 65, 66, 67, 68, 69, 70};
../Src/main.c(131): warning:  #177-D: variable "temp_cmd"  was declared but never referenced
    uint8_t temp_cmd = 0;
../Src/main.c: 3 warnings, 0 errors
linking...
Program Size: Code=11970 RO-data=474 RW-data=20 ZI-data=2580  
FromELF: creating hex file...
"WizFi360_SPI_DMA_Test\WizFi360_SPI_DMA_Test.axf" - 0 Error(s), 3 Warning(s).

<h2>Software Packages used:</h2>

Package Vendor: ARM
                http://www.keil.com/pack/ARM.CMSIS.5.6.0.pack
                ARM.CMSIS.5.6.0
                CMSIS (Cortex Microcontroller Software Interface Standard)
   * Component: CORE Version: 5.3.0

Package Vendor: Keil
                http://www.keil.com/pack/Keil.STM32F4xx_DFP.2.14.0.pack
                Keil.STM32F4xx_DFP.2.14.0
                STMicroelectronics STM32F4 Series Device Support, Drivers and Examples

<h2>Collection of Component include folders:</h2>
  .\RTE\_WizFi360_SPI_DMA_Test
  C:\Users\Teddy\AppData\Local\Arm\Packs\ARM\CMSIS\5.6.0\CMSIS\Core\Include
  C:\Users\Teddy\AppData\Local\Arm\Packs\Keil\STM32F4xx_DFP\2.14.0\Drivers\CMSIS\Device\ST\STM32F4xx\Include

<h2>Collection of Component Files used:</h2>

   * Component: ARM::CMSIS:CORE:5.3.0
Build Time Elapsed:  00:00:02
</pre>
</body>
</html>
